src/components/usuarios/UsersTable.tsx(8,30): error TS2304: Cannot find name 'UserRole'.
src/components/usuarios/UsersTable.tsx(14,37): error TS2304: Cannot find name 'GlobalRole'.
src/components/usuarios/UsersTable.tsx(19,50): error TS2304: Cannot find name 'UserRole'.
src/components/usuarios/UsersTable.tsx(19,79): error TS2304: Cannot find name 'GlobalRole'.
src/components/usuarios/UsersTable.tsx(45,36): error TS2304: Cannot find name 'UserRole'.
src/components/usuarios/UsersTable.tsx(46,48): error TS2304: Cannot find name 'GlobalRole'.
src/components/usuarios/UsersTable.tsx(51,31): error TS2304: Cannot find name 'UserRole'.
src/components/usuarios/UsersTable.tsx(55,37): error TS2304: Cannot find name 'GlobalRole'.
